[?2026$p[?2027$p[>4m[=0;1u[?1049h[?25l[?2004h[?1002h[?1006h[>4;2m[=1;1u[?u[H[2J 1  {
 2    "title": "Lorem ipsum",
 3    "text": "Lorem ipsum dolor sit amet, consectetur adipiscing elit, sed do e
[6Ciusmod tempor incididunt ut labore et dolore magna aliqua. Ut enim ad mini
[6Cm veniam, quis nostrud exercitation ullamco laboris nisi ut aliquip ex ea
[6Ccommodo consequat. Duis aute irure dolor in reprehenderit in voluptate vel
[6Cit esse cillum dolore eu fugiat nulla pariatur. Excepteur sint occaecat cu
[6Cpidatat non proident, sunt in culpa qui officia deserunt mollit anim id es
[6Ct laborum.",
 4    "tags": [
 5      "lorem",
 6      "ipsum",
 7      null
 8    ],
 9    "year": 3000,
10    "funny": true,
11    "author": {
12      "name": "John Doe",
13      "email": "john@doe.com"
14    }
15  }
~
~
~
~
~
~
~
~
~
~
~
~
~
~
~
~
~
~
.tags[0]                                                                    33%